-------------------------------------------------------------------------------------------------------------------------------------
      name:  <unnamed>
       log:  C:\Users\Willi\Desktop\Replication Results.log
  log type:  text
 opened on:   6 Feb 2026, 18:58:37

. do "C:\Users\Willi\Desktop\Replication and Extension.do"

. *******************************************************
. * Replication + Extension Master Do-File
. * Paper: Hsu, Matsa, Melzer (AER 2018)
. * Tasks: Replicate Figure 1, Table 3, Table 4; add extension
. * IMPORTANT: Commands are kept unchanged; only comments are rewritten in English.
. *******************************************************
. 
. *******************************************************
. * SECTION 0. Packages and map data (Figure 1 only)
. *******************************************************
. 
. *** Figure 1 prerequisites
. ssc install maptile, replace
checking maptile consistency and verifying not already installed...
all files already exist and are up to date.

. ssc install spmap, replace
checking spmap consistency and verifying not already installed...
all files already exist and are up to date.

. maptile_install using "http://files.michaelstepner.com/geo_state.zip" // download US state shapefile for maptile

C:\Users\Willi\ado\personal\maptile_geographies
    can't overwrite "state_coords_clean.dta"; skipping
    can't overwrite "state_database_clean.dta"; skipping
    can't overwrite "state_maptile.ado"; skipping
    can't overwrite "state_maptile.smcl"; skipping

successfully unzipped temp.zip to current directory
total processed:  4
        skipped:  4
      extracted:  0

To see the help file of the geography template, run:
    maptile_geohelp geoname

. 
. 
. *******************************************************
. * SECTION 1. FIGURE 1: Mapping UI max benefit changes (1991 vs 2010)
. *******************************************************
. 
. * Setup
. clear all

. set more off

. 
. * Load data
. use "C:\Users\Willi\Downloads\116160-V1\ui_econ_analysis.dta", clear

. 
. * Data processing:
. * - Use the original string variable "state" (two-letter abbreviation), which matches the map geometry
. * - Keep only 1991 and 2010
. keep if year == 1991 | year == 2010
(918 observations deleted)

. 
. * Keep only required variables (keep "state" as string ID for mapping)
. keep state year max_ben

. 
. * Reshape to wide format: one row per state with max_ben1991 and max_ben2010
. reshape wide max_ben, i(state) j(year)
(j = 1991 2010)

Data                               Long   ->   Wide
-----------------------------------------------------------------------------
Number of observations              102   ->   51          
Number of variables                   3   ->   3           
j variable (2 values)              year   ->   (dropped)
xij variables:
                                max_ben   ->   max_ben1991 max_ben2010
-----------------------------------------------------------------------------

. 
. * Compute change from 1991 to 2010
. gen change_91_10 = max_ben2010 - max_ben1991

. 
. 
. *******************************************************
. * Plotting maps
. *******************************************************
. 
. * (1) Replicate Figure 1: Change (1991–2010), quantiles
. maptile change_91_10, geo(state) nq(5) ///
> twopt(title("Replication of Figure 1: UI Benefit Increases (1991-2010)") ///
> subtitle("Quantile Map")) ///
> savegraph("Figure1_Replication.png") replace
file Figure1_Replication.png saved as PNG format

. 
. * (2) Extension map: Level in 1991, quantiles
. maptile max_ben1991, geo(state) nq(5) ///
> twopt(title("Extension: Max UI Benefit Level in 1991") ///
> subtitle("Quantile Map")) ///
> savegraph("Figure_Level_1991.png") replace
file Figure_Level_1991.png saved as PNG format

. 
. * (3) Extension map: Level in 2010, quantiles
. maptile max_ben2010, geo(state) nq(5) ///
> twopt(title("Extension: Max UI Benefit Level in 2010") ///
> subtitle("Quantile Map")) ///
> savegraph("Figure_Level_2010.png") replace
file Figure_Level_2010.png saved as PNG format

. 
. 
. *******************************************************
. * Step 4: Statistical analysis for the homework questions
. * (Correlation and homogeneity / convergence)
. *******************************************************
. 
. * Q1: Correlation between initial level (1991) and change (1991–2010)
. display "--------------------------------------------------------"
--------------------------------------------------------

. display "Question 1: Correlation between initial level (1991) and increase (1991-2010)"
Question 1: Correlation between initial level (1991) and increase (1991-2010)

. pwcorr max_ben1991 change_91_10, sig

             | max~1991 chang~10
-------------+------------------
 max_ben1991 |   1.0000 
             |
             |
change_91_10 |   0.5971   1.0000 
             |   0.0000
             |

. 
. scatter change_91_10 max_ben1991 || lfit change_91_10 max_ben1991, ///
> title("Correlation between Initial Level and Increase") ///
> ytitle("Increase in Max Benefit (1991-2010)") ///
> xtitle("Max Benefit Level in 1991")

. 
. graph export "Correlation_Plot.png", replace
file Correlation_Plot.png saved as PNG format

. display "--------------------------------------------------------"
--------------------------------------------------------

. 
. * Q2: Compare dispersion across states in 1991 vs 2010 using SD and coefficient of variation (CV)
. display "--------------------------------------------------------"
--------------------------------------------------------

. display "Question 2: Dispersion comparison (1991 vs 2010)"
Question 2: Dispersion comparison (1991 vs 2010)

. 
. summarize max_ben1991, detail

                        1991 max_ben
-------------------------------------------------------------
      Percentiles      Smallest
 1%         3.64           3.64
 5%         3.77           3.77
10%         4.29           3.77       Obs                  51
25%        4.732            3.9       Sum of wgt.          51

50%        5.746                      Mean           5.917529
                        Largest       Std. dev.      1.605573
75%         7.02          7.774
90%        7.618           8.32       Variance       2.577864
95%         8.32          8.684       Skewness       1.514535
99%        12.69          12.69       Kurtosis       7.340134

. scalar sd_1991 = r(sd)

. scalar cv_1991 = r(sd) / r(mean)

. 
. summarize max_ben2010, detail

                        2010 max_ben
-------------------------------------------------------------
      Percentiles      Smallest
 1%         6.11           6.11
 5%        6.422           6.24
10%         7.15          6.422       Obs                  51
25%        8.684           6.89       Sum of wgt.          51

50%       11.102                      Mean           11.33933
                        Largest       Std. dev.      3.620773
75%        13.13           15.6
90%       14.872         15.912       Variance          13.11
95%       15.912         17.732       Skewness       1.999548
99%        28.29          28.29       Kurtosis       10.60129

. scalar sd_2010 = r(sd)

. scalar cv_2010 = r(sd) / r(mean)

. 
. display "1991 Standard Deviation: " sd_1991
1991 Standard Deviation: 1.6055728

. display "2010 Standard Deviation: " sd_2010
2010 Standard Deviation: 3.620773

. display "--------------------------------"
--------------------------------

. display "1991 Coeff. of Variation: " cv_1991
1991 Coeff. of Variation: .27132485

. display "2010 Coeff. of Variation: " cv_2010
2010 Coeff. of Variation: .31931093

. 
. if cv_2010 < cv_1991 {
. display "Conclusion: CV decreased -> benefit levels became more homogeneous across states."
. }

. else {
. display "Conclusion: CV increased -> benefit levels became less homogeneous across states."
Conclusion: CV increased -> benefit levels became less homogeneous across states.
. }

. display "--------------------------------------------------------"
--------------------------------------------------------

. 
. 
. 
. *******************************************************
. * SECTION 2. TABLE 3: UI generosity vs. economic variables (with state and year FE)
. * NOTE: Column (3) house price growth (hpi_growth) is not available in your data.
. *******************************************************
. 
. * Setup
. clear all

. set more off

. 
. * Load data
. use "C:\Users\Willi\Downloads\116160-V1\ui_econ_analysis.dta", clear

. 
. * Variable labels to match the paper's wording in the exported table
. label variable unemp_rate "Unemployment rate (\%)"

. label variable ln_realgdp_percap "log of real GDP per capita"

. label variable wages_state "Average wage"

. label variable cov "Union coverage (\%)"

. label variable ui_rr "UI trust fund reserves ((\%) of covered wages)"

. label variable neg_ui_rr "UI trust fund reserve $<$ 0?"

. label variable max_ben "Max Benefit"

. 
. * Run regressions and attach a "Yes" indicator for FE row in the output
. 
. *--- Column (1): Unemployment rate ---
. areg max_ben unemp_rate year_dum*, a(stcode) cl(stcode)
note: year_dum21 omitted because of collinearity.
note: year_dum22 omitted because of collinearity.

Linear regression, absorbing indicators             Number of obs     =  1,020
Absorbed variable: stcode                           No. of categories =     51
                                                    F(20, 50)         =  31.04
                                                    Prob > F          = 0.0000
                                                    R-squared         = 0.9213
                                                    Adj R-squared     = 0.9155
                                                    Root MSE          = 0.8952

                                (Std. err. adjusted for 51 clusters in stcode)
------------------------------------------------------------------------------
             |               Robust
     max_ben | Coefficient  std. err.      t    P>|t|     [95% conf. interval]
-------------+----------------------------------------------------------------
  unemp_rate |  -.0405587   .0783228    -0.52   0.607    -.1978746    .1167572
   year_dum2 |  -5.517316   .4427665   -12.46   0.000    -6.406638   -4.627993
   year_dum3 |  -5.215697   .4169652   -12.51   0.000    -6.053196   -4.378197
   year_dum4 |  -5.014128   .4363109   -11.49   0.000    -5.890484   -4.137771
   year_dum5 |  -4.786288   .4688567   -10.21   0.000    -5.728014   -3.844561
   year_dum6 |  -4.665665   .4828193    -9.66   0.000    -5.635436   -3.695894
   year_dum7 |  -4.456819   .4876301    -9.14   0.000    -5.436252   -3.477385
   year_dum8 |  -4.262809   .5064843    -8.42   0.000    -5.280113   -3.245505
   year_dum9 |  -4.055912   .5147011    -7.88   0.000     -5.08972   -3.022105
  year_dum10 |  -3.767506   .5324489    -7.08   0.000    -4.836961   -2.698051
  year_dum11 |  -3.320457   .5292132    -6.27   0.000    -4.383412   -2.257501
  year_dum12 |  -2.964931   .4696105    -6.31   0.000    -3.908171    -2.02169
  year_dum13 |  -2.521048   .3958809    -6.37   0.000    -3.316198   -1.725898
  year_dum14 |  -2.225033   .3740986    -5.95   0.000    -2.976432   -1.473634
  year_dum15 |  -2.022042   .3802482    -5.32   0.000    -2.785793   -1.258291
  year_dum16 |  -1.832783   .3851019    -4.76   0.000    -2.606283   -1.059283
  year_dum17 |  -1.561295     .42496    -3.67   0.001    -2.414852   -.7077374
  year_dum18 |  -1.230364   .4011275    -3.07   0.003    -2.036052   -.4246753
  year_dum19 |   -.755464   .2966092    -2.55   0.014    -1.351221   -.1597069
  year_dum20 |  -.2104791   .0642263    -3.28   0.002    -.3394816   -.0814767
  year_dum21 |          0  (omitted)
  year_dum22 |          0  (omitted)
       _cons |   11.69498    .786819    14.86   0.000      10.1146    13.27535
------------------------------------------------------------------------------

. estadd local fixed "Yes"

added macro:
              e(fixed) : "Yes"

. estimates store m1

. 
. *--- Column (2): log of real GDP per capita ---
. areg max_ben ln_realgdp_percap year_dum*, a(stcode) cl(stcode)
note: year_dum21 omitted because of collinearity.
note: year_dum22 omitted because of collinearity.

Linear regression, absorbing indicators             Number of obs     =  1,020
Absorbed variable: stcode                           No. of categories =     51
                                                    F(20, 50)         =  29.17
                                                    Prob > F          = 0.0000
                                                    R-squared         = 0.9221
                                                    Adj R-squared     = 0.9164
                                                    Root MSE          = 0.8904

                                     (Std. err. adjusted for 51 clusters in stcode)
-----------------------------------------------------------------------------------
                  |               Robust
          max_ben | Coefficient  std. err.      t    P>|t|     [95% conf. interval]
------------------+----------------------------------------------------------------
ln_realgdp_percap |   2.404738   1.881002     1.28   0.207    -1.373365    6.182842
        year_dum2 |   -4.25597   .8849581    -4.81   0.000    -6.033461   -2.478479
        year_dum3 |  -4.026566   .8316358    -4.84   0.000    -5.696955   -2.356176
        year_dum4 |  -3.828668   .8129834    -4.71   0.000    -5.461594   -2.195743
        year_dum5 |  -3.661898    .739087    -4.95   0.000    -5.146398   -2.177398
        year_dum6 |  -3.576273   .7121099    -5.02   0.000    -5.006587   -2.145958
        year_dum7 |  -3.435871   .6434656    -5.34   0.000     -4.72831   -2.143433
        year_dum8 |  -3.306008   .5955178    -5.55   0.000    -4.502141   -2.109876
        year_dum9 |  -3.573503   .3128526   -11.42   0.000    -4.201886    -2.94512
       year_dum10 |  -3.348915   .2873125   -11.66   0.000    -3.925999   -2.771831
       year_dum11 |  -2.954968   .2464569   -11.99   0.000    -3.449991   -2.459945
       year_dum12 |  -2.641291   .2314663   -11.41   0.000    -3.106205   -2.176377
       year_dum13 |   -2.25848   .2128178   -10.61   0.000    -2.685938   -1.831023
       year_dum14 |  -2.012109   .2061341    -9.76   0.000    -2.426142   -1.598077
       year_dum15 |  -1.848764   .1785196   -10.36   0.000    -2.207331   -1.490196
       year_dum16 |  -1.685376   .1650359   -10.21   0.000     -2.01686   -1.353892
       year_dum17 |  -1.430215   .1654314    -8.65   0.000    -1.762494   -1.097936
       year_dum18 |  -1.116697   .1414057    -7.90   0.000    -1.400718   -.8326751
       year_dum19 |  -.6567499   .1055993    -6.22   0.000    -.8688524   -.4446475
       year_dum20 |  -.1465151     .07125    -2.06   0.045    -.2896249   -.0034052
       year_dum21 |          0  (omitted)
       year_dum22 |          0  (omitted)
            _cons |  -14.22231   19.93663    -0.71   0.479    -54.26621    25.82159
-----------------------------------------------------------------------------------

. estadd local fixed "Yes"

added macro:
              e(fixed) : "Yes"

. estimates store m2

. 
. *--- Column (3): House Price Growth (SKIPPED) ---
. ***Data Unavailable
. 
. *--- Column (4): Average wage ---
. areg max_ben wages_state year_dum*, a(stcode) cl(stcode)
note: year_dum21 omitted because of collinearity.
note: year_dum22 omitted because of collinearity.

Linear regression, absorbing indicators             Number of obs     =  1,020
Absorbed variable: stcode                           No. of categories =     51
                                                    F(20, 50)         =  40.78
                                                    Prob > F          = 0.0000
                                                    R-squared         = 0.9226
                                                    Adj R-squared     = 0.9169
                                                    Root MSE          = 0.8879

                                (Std. err. adjusted for 51 clusters in stcode)
------------------------------------------------------------------------------
             |               Robust
     max_ben | Coefficient  std. err.      t    P>|t|     [95% conf. interval]
-------------+----------------------------------------------------------------
 wages_state |   .0621468   .1044624     0.59   0.555    -.1476721    .2719657
   year_dum2 |  -3.815006   2.528583    -1.51   0.138    -8.893814    1.263803
   year_dum3 |   -3.62258   2.366013    -1.53   0.132    -8.374857    1.129698
   year_dum4 |  -3.440128   2.305591    -1.49   0.142    -8.071044    1.190789
   year_dum5 |  -3.233198   2.231909    -1.45   0.154    -7.716119    1.249724
   year_dum6 |  -3.146745   2.166038    -1.45   0.153    -7.497359     1.20387
   year_dum7 |  -2.989388   2.061439    -1.45   0.153    -7.129911    1.151134
   year_dum8 |  -2.851865   1.948621    -1.46   0.150    -6.765786    1.062055
   year_dum9 |  -2.723547   1.825651    -1.49   0.142    -6.390475    .9433801
  year_dum10 |  -2.510364   1.681896    -1.49   0.142    -5.888552     .867824
  year_dum11 |  -2.166112   1.515538    -1.43   0.159    -5.210159    .8779346
  year_dum12 |  -1.947114    1.34887    -1.44   0.155    -4.656399    .7621704
  year_dum13 |  -1.607778   1.256488    -1.28   0.207    -4.131509    .9159534
  year_dum14 |  -1.419828   1.097345    -1.29   0.202    -3.623911     .784254
  year_dum15 |  -1.317887   .9002689    -1.46   0.149     -3.12613    .4903562
  year_dum16 |    -1.2199    .738087    -1.65   0.105    -2.702391    .2625915
  year_dum17 |  -1.043944   .5256849    -1.99   0.053    -2.099814    .0119247
  year_dum18 |  -.8310634   .3519643    -2.36   0.022    -1.538005   -.1241223
  year_dum19 |  -.4875509   .2124898    -2.29   0.026    -.9143492   -.0607527
  year_dum20 |  -.1013902   .1696394    -0.60   0.553    -.4421211    .2393406
  year_dum21 |          0  (omitted)
  year_dum22 |          0  (omitted)
       _cons |   8.096459   5.351195     1.51   0.137    -2.651733    18.84465
------------------------------------------------------------------------------

. estadd local fixed "Yes"

added macro:
              e(fixed) : "Yes"

. estimates store m4

. 
. *--- Column (5): Union coverage ---
. areg max_ben cov year_dum*, a(stcode) cl(stcode)
note: year_dum21 omitted because of collinearity.
note: year_dum22 omitted because of collinearity.

Linear regression, absorbing indicators             Number of obs     =  1,020
Absorbed variable: stcode                           No. of categories =     51
                                                    F(20, 50)         =  32.54
                                                    Prob > F          = 0.0000
                                                    R-squared         = 0.9212
                                                    Adj R-squared     = 0.9154
                                                    Root MSE          = 0.8957

                                (Std. err. adjusted for 51 clusters in stcode)
------------------------------------------------------------------------------
             |               Robust
     max_ben | Coefficient  std. err.      t    P>|t|     [95% conf. interval]
-------------+----------------------------------------------------------------
         cov |   .0125479   .0604662     0.21   0.836     -.108902    .1339978
   year_dum2 |  -5.480484    .506191   -10.83   0.000    -6.497198   -4.463769
   year_dum3 |  -5.191813   .4798222   -10.82   0.000    -6.155564   -4.228062
   year_dum4 |   -4.96435   .4597381   -10.80   0.000    -5.887761   -4.040939
   year_dum5 |  -4.705316   .4431221   -10.62   0.000    -5.595353   -3.815279
   year_dum6 |  -4.563152    .413451   -11.04   0.000    -5.393593   -3.732711
   year_dum7 |  -4.344345   .3888701   -11.17   0.000    -5.125414   -3.563277
   year_dum8 |  -4.126744   .3608351   -11.44   0.000    -4.851503   -3.401986
   year_dum9 |  -3.902213   .3381272   -11.54   0.000    -4.581362   -3.223065
  year_dum10 |  -3.604477    .341561   -10.55   0.000    -4.290522   -2.918431
  year_dum11 |  -3.141535   .2894991   -10.85   0.000    -3.723011   -2.560059
  year_dum12 |  -2.810148   .2663293   -10.55   0.000    -3.345086    -2.27521
  year_dum13 |  -2.396648   .2338429   -10.25   0.000    -2.866335    -1.92696
  year_dum14 |  -2.105753   .2191876    -9.61   0.000    -2.546004   -1.665502
  year_dum15 |  -1.881341   .1871003   -10.06   0.000    -2.257143   -1.505539
  year_dum16 |  -1.680605   .1732578    -9.70   0.000    -2.028603   -1.332606
  year_dum17 |  -1.386024    .158152    -8.76   0.000    -1.703682   -1.068367
  year_dum18 |  -1.052917   .1249866    -8.42   0.000     -1.30396    -.801874
  year_dum19 |  -.6224254   .0899805    -6.92   0.000    -.8031565   -.4416942
  year_dum20 |  -.2042033   .0617179    -3.31   0.002    -.3281674   -.0802392
  year_dum21 |          0  (omitted)
  year_dum22 |          0  (omitted)
       _cons |   11.18477   .7245622    15.44   0.000     9.729447     12.6401
------------------------------------------------------------------------------

. estadd local fixed "Yes"

added macro:
              e(fixed) : "Yes"

. estimates store m5

. 
. *--- Column (6): UI trust fund reserves ---
. areg max_ben ui_rr year_dum*, a(stcode) cl(stcode)
note: year_dum21 omitted because of collinearity.
note: year_dum22 omitted because of collinearity.

Linear regression, absorbing indicators             Number of obs     =  1,020
Absorbed variable: stcode                           No. of categories =     51
                                                    F(20, 50)         =  30.91
                                                    Prob > F          = 0.0000
                                                    R-squared         = 0.9212
                                                    Adj R-squared     = 0.9154
                                                    Root MSE          = 0.8957

                                (Std. err. adjusted for 51 clusters in stcode)
------------------------------------------------------------------------------
             |               Robust
     max_ben | Coefficient  std. err.      t    P>|t|     [95% conf. interval]
-------------+----------------------------------------------------------------
       ui_rr |   .0215164   .1926921     0.11   0.912    -.3655172    .4085499
   year_dum2 |  -5.467263   .6334662    -8.63   0.000    -6.739618   -4.194909
   year_dum3 |  -5.177059   .5821733    -8.89   0.000    -6.346388    -4.00773
   year_dum4 |  -4.947533   .5329935    -9.28   0.000    -6.018082   -3.876984
   year_dum5 |  -4.692624   .5401286    -8.69   0.000    -5.777504   -3.607744
   year_dum6 |  -4.558467   .5374637    -8.48   0.000    -5.637995    -3.47894
   year_dum7 |  -4.346388   .5422888    -8.01   0.000    -5.435607   -3.257169
   year_dum8 |  -4.135673   .5304803    -7.80   0.000    -5.201174   -3.070171
   year_dum9 |  -3.914874   .5146369    -7.61   0.000    -4.948552   -2.881195
  year_dum10 |  -3.616486   .5249517    -6.89   0.000    -4.670883    -2.56209
  year_dum11 |  -3.159986   .4887608    -6.47   0.000     -4.14169   -2.178281
  year_dum12 |  -2.829937    .461714    -6.13   0.000    -3.757317   -1.902557
  year_dum13 |  -2.415898   .4105421    -5.88   0.000    -3.240496     -1.5913
  year_dum14 |  -2.125589   .3846835    -5.53   0.000    -2.898249    -1.35293
  year_dum15 |  -1.898756   .3135122    -6.06   0.000    -2.528464   -1.269048
  year_dum16 |  -1.697013   .2822963    -6.01   0.000    -2.264022   -1.130004
  year_dum17 |  -1.407483   .2989892    -4.71   0.000     -2.00802   -.8069451
  year_dum18 |  -1.074825   .2727386    -3.94   0.000    -1.622636   -.5270131
  year_dum19 |  -.6394755   .2477336    -2.58   0.013    -1.137063    -.141888
  year_dum20 |  -.2183352   .1825854    -1.20   0.237    -.5850687    .1483984
  year_dum21 |          0  (omitted)
  year_dum22 |          0  (omitted)
       _cons |   11.33548   .2010902    56.37   0.000     10.93157    11.73938
------------------------------------------------------------------------------

. estadd local fixed "Yes"

added macro:
              e(fixed) : "Yes"

. estimates store m6

. 
. *--- Column (7): UI trust fund reserve < 0 ---
. areg max_ben neg_ui_rr year_dum*, a(stcode) cl(stcode)
note: year_dum21 omitted because of collinearity.
note: year_dum22 omitted because of collinearity.

Linear regression, absorbing indicators             Number of obs     =  1,020
Absorbed variable: stcode                           No. of categories =     51
                                                    F(20, 50)         =  31.11
                                                    Prob > F          = 0.0000
                                                    R-squared         = 0.9221
                                                    Adj R-squared     = 0.9163
                                                    Root MSE          = 0.8907

                                 (Std. err. adjusted for 51 clusters in stcode)
-------------------------------------------------------------------------------
              |               Robust
      max_ben | Coefficient  std. err.      t    P>|t|     [95% conf. interval]
--------------+----------------------------------------------------------------
neg_ui_rr_pct |  -.0052997   .0051237    -1.03   0.306    -.0155909    .0049916
    year_dum2 |  -5.681591   .5369027   -10.58   0.000    -6.759992   -4.603191
    year_dum3 |  -5.366691   .4994861   -10.74   0.000    -6.369939   -4.363444
    year_dum4 |  -5.131986   .4827574   -10.63   0.000    -6.101633   -4.162339
    year_dum5 |   -4.89622   .4834608   -10.13   0.000     -5.86728    -3.92516
    year_dum6 |  -4.781827   .5000399    -9.56   0.000    -5.786186   -3.777467
    year_dum7 |  -4.568925   .4970813    -9.19   0.000    -5.567342   -3.570507
    year_dum8 |  -4.358532   .4872269    -8.95   0.000    -5.337157   -3.379908
    year_dum9 |  -4.137003   .4653375    -8.89   0.000    -5.071661   -3.202345
   year_dum10 |  -3.838258   .4697459    -8.17   0.000     -4.78177   -2.894746
   year_dum11 |  -3.381984   .4351934    -7.77   0.000    -4.256095   -2.507872
   year_dum12 |  -3.051827   .4042552    -7.55   0.000    -3.863797   -2.239856
   year_dum13 |   -2.64214   .3782125    -6.99   0.000    -3.401802   -1.882478
   year_dum14 |  -2.334965   .3653284    -6.39   0.000    -3.068749   -1.601181
   year_dum15 |  -2.094888   .3341049    -6.27   0.000    -2.765957   -1.423819
   year_dum16 |  -1.904887   .3309352    -5.76   0.000     -2.56959   -1.240184
   year_dum17 |  -1.623749   .3396996    -4.78   0.000    -2.306056   -.9414427
   year_dum18 |  -1.310023   .3100169    -4.23   0.000     -1.93271   -.6873353
   year_dum19 |  -.8644155   .2695661    -3.21   0.002    -1.405855   -.3229761
   year_dum20 |  -.4270835    .226827    -1.88   0.066     -.882679     .028512
   year_dum21 |          0  (omitted)
   year_dum22 |          0  (omitted)
        _cons |   11.59912   .4045769    28.67   0.000      10.7865    12.41174
-------------------------------------------------------------------------------

. estadd local fixed "Yes"

added macro:
              e(fixed) : "Yes"

. estimates store m7

. 
. *--- Column (8): Multivariate (All variables) ---
. areg max_ben unemp_rate ln_realgdp_percap wages_state cov ui_rr neg_ui_rr year_dum*, a(stcode) cl(stcode)
note: year_dum21 omitted because of collinearity.
note: year_dum22 omitted because of collinearity.

Linear regression, absorbing indicators             Number of obs     =  1,020
Absorbed variable: stcode                           No. of categories =     51
                                                    F(25, 50)         =  30.77
                                                    Prob > F          = 0.0000
                                                    R-squared         = 0.9239
                                                    Adj R-squared     = 0.9178
                                                    Root MSE          = 0.8828

                                     (Std. err. adjusted for 51 clusters in stcode)
-----------------------------------------------------------------------------------
                  |               Robust
          max_ben | Coefficient  std. err.      t    P>|t|     [95% conf. interval]
------------------+----------------------------------------------------------------
       unemp_rate |   .0132545   .0689994     0.19   0.848    -.1253349    .1518439
ln_realgdp_percap |   1.776415   1.551051     1.15   0.258    -1.338963    4.891794
      wages_state |   .0546911   .0985745     0.55   0.581    -.1433016    .2526838
              cov |   .0100765    .058397     0.17   0.864    -.1072173    .1273703
            ui_rr |  -.0939177   .1638546    -0.57   0.569    -.4230293    .2351938
    neg_ui_rr_pct |   -.004933   .0041255    -1.20   0.237    -.0132194    .0033533
        year_dum2 |   -3.20585   2.494896    -1.28   0.205    -8.216996    1.805296
        year_dum3 |  -3.043737   2.337733    -1.30   0.199    -7.739213    1.651738
        year_dum4 |  -2.878895   2.288374    -1.26   0.214     -7.47523     1.71744
        year_dum5 |   -2.73314   2.221922    -1.23   0.224    -7.196001    1.729721
        year_dum6 |  -2.681974   2.145413    -1.25   0.217    -6.991163    1.627216
        year_dum7 |  -2.561851   2.025107    -1.27   0.212    -6.629399    1.505696
        year_dum8 |  -2.465344   1.914398    -1.29   0.204    -6.310526    1.379838
        year_dum9 |  -2.676712   1.713101    -1.56   0.124    -6.117576    .7641524
       year_dum10 |  -2.503914   1.583527    -1.58   0.120    -5.684521    .6766932
       year_dum11 |  -2.184884   1.427562    -1.53   0.132    -5.052226    .6824584
       year_dum12 |  -1.971553   1.261145    -1.56   0.124    -4.504636    .5615308
       year_dum13 |  -1.670742   1.156485    -1.44   0.155    -3.993611    .6521261
       year_dum14 |  -1.497827   1.013389    -1.48   0.146    -3.533278    .5376244
       year_dum15 |  -1.427263   .8490031    -1.68   0.099    -3.132536    .2780097
       year_dum16 |  -1.355979   .7115458    -1.91   0.062    -2.785161    .0732022
       year_dum17 |  -1.184973   .5549354    -2.14   0.038    -2.299594   -.0703524
       year_dum18 |   -.984225   .4376719    -2.25   0.029    -1.863315   -.1051351
       year_dum19 |  -.6191142   .3232005    -1.92   0.061    -1.268281    .0300531
       year_dum20 |  -.2014253   .2382572    -0.85   0.402    -.6799789    .2771283
       year_dum21 |          0  (omitted)
       year_dum22 |          0  (omitted)
            _cons |  -10.37894   17.18934    -0.60   0.549    -44.90475    24.14687
-----------------------------------------------------------------------------------

. estadd local fixed "Yes"

added macro:
              e(fixed) : "Yes"

. estimates store m8

. 
. * Export LaTeX table
. local output_file "table3_replication.tex"

. 
. esttab m1 m2 m4 m5 m6 m7 m8 using "`output_file'", replace ///
> b(3) se(3) ///
> label ///
> booktabs ///
> keep(unemp_rate ln_realgdp_percap wages_state cov ui_rr neg_ui_rr) ///
> order(unemp_rate ln_realgdp_percap wages_state cov ui_rr neg_ui_rr) ///
> stats(N r2 fixed, labels("Observations" "R$^2$" "State and year fixed effects?") fmt(%9.0fc %9.2f)) ///
> mtitles("(1)" "(2)" "(4)" "(5)" "(6)" "(7)" "(8)") ///
> star(* 0.10 ** 0.05 *** 0.01) ///
> title("Replication of Table 3") ///
> addnotes("Notes: Standard errors adjusted for clustering at the state level in parentheses." "Column (3) excluded due to data unava
> ilability.")
(output written to table3_replication.tex)

. 
. 
. 
. *******************************************************
. * SECTION 3. TABLE 4: Mortgage delinquency vs UI generosity (SIPP analysis)
. * NOTE: hpi_growth removed because not available.
. *******************************************************
. 
. * Setup
. clear all

. set more off

. 
. * Load data
. use "C:\Users\Willi\Downloads\116160-V1\ui_sipp_analysis.dta", clear

. 
. * Define controls
. global state_controls "unemp_rate ln_realgdp_percap wages_state ui_rr neg_ui_rr union_cov"

. global ind_controls "i.layoff##c.ltv_win_demean i.layoff##c.neg_equity_demean earnings_total thhtnw educ_hs educ_somecol educ_col e
> duc_grad"

. 
. 
. *******************************************************
. * Run regressions
. *******************************************************
. 
. *--- Model (1): Main effect (no interaction) ---
. areg delinq_mort max_ben_demean i.layoff year_dum* $state_controls $ind_controls [pw = weight_ref], a(stcode) cl(stcode)
(sum of wgt is 267,820,618.56215)
note: year_dum6 omitted because of collinearity.

Linear regression, absorbing indicators            Number of obs     =  64,919
Absorbed variable: stcode                          No. of categories =      51
                                                   F(23, 50)         =  123.13
                                                   Prob > F          =  0.0000
                                                   R-squared         =  0.0438
                                                   Adj R-squared     =  0.0427
                                                   Root MSE          = 22.0519

                                              (Std. err. adjusted for 51 clusters in stcode)
--------------------------------------------------------------------------------------------
                           |               Robust
               delinq_mort | Coefficient  std. err.      t    P>|t|     [95% conf. interval]
---------------------------+----------------------------------------------------------------
            max_ben_demean |  -.0330708   .1093289    -0.30   0.764    -.2526643    .1865228
                  1.layoff |    6.49383   .3450122    18.82   0.000     5.800853    7.186808
                 year_dum1 |   2.064967   2.938903     0.70   0.486    -3.837992    7.967927
                 year_dum2 |     .60027   2.725189     0.22   0.827    -4.873433    6.073973
                 year_dum3 |   1.080938   2.003897     0.54   0.592    -2.944008    5.105885
                 year_dum4 |  -.4143491   1.114655    -0.37   0.712    -2.653199      1.8245
                 year_dum5 |  -.0962773   .9102056    -0.11   0.916    -1.924479    1.731924
                 year_dum6 |          0  (omitted)
                unemp_rate |   .3706238   .1520547     2.44   0.018     .0652129    .6760347
         ln_realgdp_percap |  -3.287127    4.04065    -0.81   0.420    -11.40301    4.828756
               wages_state |   .1225448   .0744339     1.65   0.106    -.0269601    .2720498
                     ui_rr |  -.1188816   .2118653    -0.56   0.577    -.5444256    .3066623
                 neg_ui_rr |  -.5726519   .3241384    -1.77   0.083    -1.223703    .0783992
                 union_cov |  -.2239618   .1273477    -1.76   0.085    -.4797472    .0318237
            ltv_win_demean |   4.127385   .3376522    12.22   0.000     3.449191    4.805579
                           |
   layoff#c.ltv_win_demean |
                        1  |   6.880785   1.274409     5.40   0.000      4.32106     9.44051
                           |
         neg_equity_demean |   2.482117   .7264015     3.42   0.001     1.023096    3.941137
                           |
layoff#c.neg_equity_demean |
                        1  |   2.553762   1.645762     1.55   0.127    -.7518487    5.859373
                           |
            earnings_total |   -.026617   .0018546   -14.35   0.000    -.0303422   -.0228919
                    thhtnw |  -.1610212   .0683342    -2.36   0.022    -.2982745   -.0237678
                   educ_hs |  -1.771843   .9740215    -1.82   0.075    -3.728222    .1845371
              educ_somecol |  -1.744855   .9307785    -1.87   0.067    -3.614378    .1246687
                  educ_col |  -4.859943    .970117    -5.01   0.000     -6.80848   -2.911405
                 educ_grad |  -5.486407   .9465678    -5.80   0.000    -7.387645    -3.58517
                     _cons |   38.93207   42.62915     0.91   0.365    -46.69109    124.5552
--------------------------------------------------------------------------------------------

. estadd local hh_ctrl "Yes"

added macro:
            e(hh_ctrl) : "Yes"

. estadd local st_ctrl "Yes"

added macro:
            e(st_ctrl) : "Yes"

. estadd local fe "Yes"

added macro:
                 e(fe) : "Yes"

. estadd local st_yr_fe "No"

added macro:
           e(st_yr_fe) : "No"

. estimates store m1

. 
. *--- Model (2): Interaction effect ---
. areg delinq_mort i.layoff##c.max_ben_demean year_dum* $state_controls $ind_controls [pw = weight_ref], a(stcode) cl(stcode)
(sum of wgt is 267,820,618.56215)
note: year_dum6 omitted because of collinearity.

Linear regression, absorbing indicators            Number of obs     =  64,919
Absorbed variable: stcode                          No. of categories =      51
                                                   F(24, 50)         =  121.82
                                                   Prob > F          =  0.0000
                                                   R-squared         =  0.0439
                                                   Adj R-squared     =  0.0428
                                                   Root MSE          = 22.0505

                                              (Std. err. adjusted for 51 clusters in stcode)
--------------------------------------------------------------------------------------------
                           |               Robust
               delinq_mort | Coefficient  std. err.      t    P>|t|     [95% conf. interval]
---------------------------+----------------------------------------------------------------
                  1.layoff |   6.441453   .3232506    19.93   0.000     5.792185    7.090721
            max_ben_demean |   .0121867   .1085445     0.11   0.911    -.2058313    .2302047
                           |
   layoff#c.max_ben_demean |
                        1  |  -.2216866    .081294    -2.73   0.009    -.3849705   -.0584027
                           |
                 year_dum1 |   2.114686   2.952413     0.72   0.477     -3.81541    8.044782
                 year_dum2 |   .6582848    2.73582     0.24   0.811    -4.836771     6.15334
                 year_dum3 |   1.142816   2.017498     0.57   0.574    -2.909449     5.19508
                 year_dum4 |   -.398977   1.118145    -0.36   0.723    -2.644837    1.846883
                 year_dum5 |  -.0885828   .9130219    -0.10   0.923    -1.922441    1.745276
                 year_dum6 |          0  (omitted)
                unemp_rate |   .3706543   .1517076     2.44   0.018     .0659406     .675368
         ln_realgdp_percap |  -3.339473   4.045072    -0.83   0.413    -11.46424    4.785293
               wages_state |   .1250381   .0751826     1.66   0.103    -.0259707    .2760468
                     ui_rr |  -.1158877   .2114632    -0.55   0.586     -.540624    .3088487
                 neg_ui_rr |   -.576566   .3258343    -1.77   0.083    -1.231024    .0778915
                 union_cov |   -.221788   .1274058    -1.74   0.088    -.4776901     .034114
            ltv_win_demean |   4.153036   .3385563    12.27   0.000     3.473025    4.833046
                           |
   layoff#c.ltv_win_demean |
                        1  |   6.801387   1.261597     5.39   0.000     4.267395    9.335378
                           |
         neg_equity_demean |    2.42867   .7177392     3.38   0.001     .9870481    3.870291
                           |
layoff#c.neg_equity_demean |
                        1  |   2.875569    1.63826     1.76   0.085     -.414973     6.16611
                           |
            earnings_total |  -.0266451   .0018511   -14.39   0.000    -.0303632    -.022927
                    thhtnw |   -.162555   .0686233    -2.37   0.022    -.3003889   -.0247212
                   educ_hs |  -1.757582   .9780926    -1.80   0.078    -3.722139    .2069743
              educ_somecol |  -1.721689   .9348129    -1.84   0.071    -3.599316    .1559384
                  educ_col |  -4.843096   .9728929    -4.98   0.000    -6.797209   -2.888984
                 educ_grad |  -5.466906    .949714    -5.76   0.000    -7.374462   -3.559349
                     _cons |   39.31199    42.6521     0.92   0.361    -46.35728    124.9813
--------------------------------------------------------------------------------------------

. estadd local hh_ctrl "Yes"

added macro:
            e(hh_ctrl) : "Yes"

. estadd local st_ctrl "Yes"

added macro:
            e(st_ctrl) : "Yes"

. estadd local fe "Yes"

added macro:
                 e(fe) : "Yes"

. estadd local st_yr_fe "No"

added macro:
           e(st_yr_fe) : "No"

. estimates store m2

. 
. *--- Model (3): State-year fixed effects ---
. areg delinq_mort i.layoff##c.max_ben_demean $state_controls $ind_controls [pw = weight_ref], a(st_year) cl(stcode)
note: max_ben_demean omitted because of collinearity
note: unemp_rate omitted because of collinearity
note: ln_realgdp_percap omitted because of collinearity
note: wages_state omitted because of collinearity
note: ui_rr omitted because of collinearity
note: neg_ui_rr omitted because of collinearity
note: union_cov omitted because of collinearity

Linear regression, absorbing indicators            Number of obs     =  64,919
Absorbed variable: st_year                         No. of categories =     278
                                                   F(12, 50)         =   95.31
                                                   Prob > F          =  0.0000
                                                   R-squared         =  0.0481
                                                   Adj R-squared     =  0.0439
                                                   Root MSE          = 22.0381

                                              (Std. err. adjusted for 51 clusters in stcode)
--------------------------------------------------------------------------------------------
                           |               Robust
               delinq_mort | Coefficient  std. err.      t    P>|t|     [95% conf. interval]
---------------------------+----------------------------------------------------------------
                  1.layoff |   6.431258    .325159    19.78   0.000     5.778157    7.084359
            max_ben_demean |          0  (omitted)
                           |
   layoff#c.max_ben_demean |
                        1  |  -.2340343   .0840696    -2.78   0.008     -.402893   -.0651756
                           |
                unemp_rate |          0  (omitted)
         ln_realgdp_percap |          0  (omitted)
               wages_state |          0  (omitted)
                     ui_rr |          0  (omitted)
                 neg_ui_rr |          0  (omitted)
                 union_cov |          0  (omitted)
            ltv_win_demean |   4.056775   .3442635    11.78   0.000     3.365302    4.748249
                           |
   layoff#c.ltv_win_demean |
                        1  |   6.758686   1.272644     5.31   0.000     4.202504    9.314868
                           |
         neg_equity_demean |   2.383972   .7266155     3.28   0.002     .9245222    3.843422
                           |
layoff#c.neg_equity_demean |
                        1  |    2.95322   1.649588     1.79   0.079    -.3600761    6.266515
                           |
            earnings_total |  -.0264685   .0018774   -14.10   0.000    -.0302394   -.0226975
                    thhtnw |  -.1595721   .0714191    -2.23   0.030    -.3030215   -.0161227
                   educ_hs |  -1.704901   .9744073    -1.75   0.086    -3.662055     .252254
              educ_somecol |  -1.678429   .9340789    -1.80   0.078    -3.554581    .1977241
                  educ_col |  -4.807003   .9801323    -4.90   0.000    -6.775657   -2.838349
                 educ_grad |  -5.424603   .9525427    -5.69   0.000    -7.337842   -3.511365
                     _cons |   8.859024   .9286736     9.54   0.000     6.993728    10.72432
--------------------------------------------------------------------------------------------

. estadd local hh_ctrl "Yes"

added macro:
            e(hh_ctrl) : "Yes"

. estadd local st_ctrl "---"

added macro:
            e(st_ctrl) : "---"

. estadd local fe "---"

added macro:
                 e(fe) : "---"

. estadd local st_yr_fe "Yes"

added macro:
           e(st_yr_fe) : "Yes"

. estimates store m3

. 
. 
. *******************************************************
. * Export Table 4 to LaTeX
. *******************************************************
. 
. local output_file "table4_replication.tex"

. 
. esttab m1 m2 m3 using "`output_file'", replace ///
>     b(2) se(2) ///                                      
>     booktabs ///                                        
>     label ///                                           
>     keep(max_ben_demean 1.layoff#c.max_ben_demean 1.layoff) /// 
>     order(max_ben_demean 1.layoff#c.max_ben_demean 1.layoff) /// 
>     coeflabels(max_ben_demean "Max Benefit" ///        
>                1.layoff#c.max_ben_demean "Max Benefit $\times$ Layoff" ///
>                1.layoff "Layoff") ///
>     stats(N r2 hh_ctrl st_ctrl fe st_yr_fe, ///         
>         labels("Observations" "R$^2$" "Household controls" "State-year controls" "State and year fixed effects" "State-year fixed e
> ffects") ///
>         fmt(%9.0fc %9.2f)) ///
>     mtitles("(1)" "(2)" "(3)") ///                     
>     star(* 0.10 ** 0.05 *** 0.01) ///                   
>     title("Replication of Table 4: Unemployment Insurance Generosity and Mortgage Delinquency") ///
>     addnotes("Notes: The dependent variable is mortgage delinquency. Max Benefit is demeaned. Standard errors adjusted for clusteri
> ng at the state level.")
(output written to table4_replication.tex)

. 
. 
. 
. *******************************************************
. * SECTION 4. EXTENSION: State-level 90+ delinquency (auto / credit card / student), 2003–2010
. *******************************************************
. 
. clear all

. set more off

. 
. * Paths
. global uiecon   "C:\Users\Willi\Downloads\116160-V1\ui_econ_analysis.dta"

. global carxls   "C:\Users\Willi\Desktop\car.xlsx"

. global creditxls "C:\Users\Willi\Desktop\Credit.xlsx"

. global studentxls "C:\Users\Willi\Desktop\student.xlsx"

. 
. * Build state crosswalk: state abbreviation -> stcode (FIPS)
. clear

. input str2 st_abbr byte stcode

       st_abbr    stcode
  1. "AL" 1
  2. "AK" 2
  3. "AZ" 4
  4. "AR" 5
  5. "CA" 6
  6. "CO" 8
  7. "CT" 9
  8. "DE" 10
  9. "DC" 11
 10. "FL" 12
 11. "GA" 13
 12. "HI" 15
 13. "ID" 16
 14. "IL" 17
 15. "IN" 18
 16. "IA" 19
 17. "KS" 20
 18. "KY" 21
 19. "LA" 22
 20. "ME" 23
 21. "MD" 24
 22. "MA" 25
 23. "MI" 26
 24. "MN" 27
 25. "MS" 28
 26. "MO" 29
 27. "MT" 30
 28. "NE" 31
 29. "NV" 32
 30. "NH" 33
 31. "NJ" 34
 32. "NM" 35
 33. "NY" 36
 34. "NC" 37
 35. "ND" 38
 36. "OH" 39
 37. "OK" 40
 38. "OR" 41
 39. "PA" 42
 40. "RI" 44
 41. "SC" 45
 42. "SD" 46
 43. "TN" 47
 44. "TX" 48
 45. "UT" 49
 46. "VT" 50
 47. "VA" 51
 48. "WA" 53
 49. "WV" 54
 50. "WI" 55
 51. "WY" 56
 52. end

. save "state_crosswalk.dta", replace
file state_crosswalk.dta saved

. 
. * Build UI state-year panel (2003–2010) + demeaned max_ben
. use "$uiecon", clear

. keep stcode year max_ben unemp_rate

. keep if inrange(year, 2003, 2010)
(612 observations deleted)

. 
. collapse (mean) max_ben unemp_rate, by(stcode year)

. 
. bys year: egen max_ben_year_mean = mean(max_ben)

. gen max_ben_demean = max_ben - max_ben_year_mean

. drop max_ben_year_mean

. 
. isid stcode year

. save "ui_state_year_0310.dta", replace
file ui_state_year_0310.dta saved

. 
. * Check outreg2 availability
. capture which outreg2

. if _rc != 0 {
. di as error "outreg2 not found. Run: ssc install outreg2, replace"
. exit 198
. }

. 
. *******************************************************
. * Auto loan 90+ delinquency
. *******************************************************
. import excel "$carxls", firstrow clear
(23 vars, 53 obs)

. rename state st_abbr

. drop if inlist(st_abbr, "allUS", "PR")
(2 observations deleted)

. reshape long Q4_, i(st_abbr) j(year)
(j = 2003 2004 2005 2006 2007 2008 2009 2010 2011 2012 2013 2014 2015 2016 2017 2018 2019 2020 2021 2022 2023 2024)

Data                               Wide   ->   Long
-----------------------------------------------------------------------------
Number of observations               51   ->   1,122       
Number of variables                  23   ->   3           
j variable (22 values)                    ->   year
xij variables:
            Q4_2003 Q4_2004 ... Q4_2024   ->   Q4_
-----------------------------------------------------------------------------

. rename Q4_ auto90

. destring auto90, replace force
auto90 already numeric; no replace

. keep if inrange(year, 2003, 2010)
(714 observations deleted)

. 
. merge m:1 st_abbr using "state_crosswalk.dta", keep(3) nogen

    Result                      Number of obs
    -----------------------------------------
    Not matched                             0
    Matched                               408  
    -----------------------------------------

. merge 1:1 stcode year using "ui_state_year_0310.dta", keep(3) nogen
(variable year was int, now float to accommodate using data's values)
(variable stcode was byte, now long to accommodate using data's values)

    Result                      Number of obs
    -----------------------------------------
    Not matched                             0
    Matched                               408  
    -----------------------------------------

. 
. areg auto90 c.unemp_rate##c.max_ben_demean i.year, absorb(stcode) vce(cluster stcode)

Linear regression, absorbing indicators             Number of obs     =    408
Absorbed variable: stcode                           No. of categories =     51
                                                    F(10, 50)         =  42.23
                                                    Prob > F          = 0.0000
                                                    R-squared         = 0.9112
                                                    Adj R-squared     = 0.8958
                                                    Root MSE          = 0.4674

                                                 (Std. err. adjusted for 51 clusters in stcode)
-----------------------------------------------------------------------------------------------
                              |               Robust
                       auto90 | Coefficient  std. err.      t    P>|t|     [95% conf. interval]
------------------------------+----------------------------------------------------------------
                   unemp_rate |   .4008851   .0869823     4.61   0.000     .2261761    .5755942
               max_ben_demean |   .2306908   .1179833     1.96   0.056    -.0062858    .4676673
                              |
c.unemp_rate#c.max_ben_demean |  -.0338518   .0079146    -4.28   0.000    -.0497488   -.0179548
                              |
                         year |
                        2004  |   .4139692   .0615627     6.72   0.000     .2903169    .5376214
                        2005  |   .1386003   .0983122     1.41   0.165    -.0588657    .3360662
                        2006  |   .6897667   .1288721     5.35   0.000     .4309196    .9486139
                        2007  |   1.153342   .1370475     8.42   0.000     .8780745     1.42861
                        2008  |   1.418817   .1056929    13.42   0.000     1.206527    1.631108
                        2009  |   .9222179   .2565519     3.59   0.001     .4069184    1.437518
                        2010  |   1.181687   .2763445     4.28   0.000     .6266329    1.736742
                              |
                        _cons |  -.1085558   .5046531    -0.22   0.831    -1.122181    .9050698
-----------------------------------------------------------------------------------------------

. outreg2 using "extension_table5.tex", replace tex bdec(3) sdec(3) keep(unemp_rate max_ben_demean c.unemp_rate#c.max_ben_demean) add
> text(State FE, Yes, Year FE, Yes, SE clustered by state, Yes) ctitle("Auto loan 90+")
extension_table5.tex
dir : seeout

. 
. *******************************************************
. * Credit card 90+ delinquency
. *******************************************************
. import excel "$creditxls", firstrow clear
(23 vars, 53 obs)

. rename state st_abbr

. drop if inlist(st_abbr, "allUS", "PR")
(2 observations deleted)

. reshape long Q4_, i(st_abbr) j(year)
(j = 2003 2004 2005 2006 2007 2008 2009 2010 2011 2012 2013 2014 2015 2016 2017 2018 2019 2020 2021 2022 2023 2024)

Data                               Wide   ->   Long
-----------------------------------------------------------------------------
Number of observations               51   ->   1,122       
Number of variables                  23   ->   3           
j variable (22 values)                    ->   year
xij variables:
            Q4_2003 Q4_2004 ... Q4_2024   ->   Q4_
-----------------------------------------------------------------------------

. rename Q4_ cc90

. destring cc90, replace force
cc90 already numeric; no replace

. keep if inrange(year, 2003, 2010)
(714 observations deleted)

. 
. merge m:1 st_abbr using "state_crosswalk.dta", keep(3) nogen

    Result                      Number of obs
    -----------------------------------------
    Not matched                             0
    Matched                               408  
    -----------------------------------------

. merge 1:1 stcode year using "ui_state_year_0310.dta", keep(3) nogen
(variable year was int, now float to accommodate using data's values)
(variable stcode was byte, now long to accommodate using data's values)

    Result                      Number of obs
    -----------------------------------------
    Not matched                             0
    Matched                               408  
    -----------------------------------------

. 
. areg cc90 c.unemp_rate##c.max_ben_demean i.year, absorb(stcode) vce(cluster stcode)

Linear regression, absorbing indicators             Number of obs     =    408
Absorbed variable: stcode                           No. of categories =     51
                                                    F(10, 50)         =  64.91
                                                    Prob > F          = 0.0000
                                                    R-squared         = 0.8834
                                                    Adj R-squared     = 0.8633
                                                    Root MSE          = 0.8908

                                                 (Std. err. adjusted for 51 clusters in stcode)
-----------------------------------------------------------------------------------------------
                              |               Robust
                         cc90 | Coefficient  std. err.      t    P>|t|     [95% conf. interval]
------------------------------+----------------------------------------------------------------
                   unemp_rate |   .8339365   .1920926     4.34   0.000     .4481073    1.219766
               max_ben_demean |  -.0104823   .1933181    -0.05   0.957     -.398773    .3778085
                              |
c.unemp_rate#c.max_ben_demean |   .0101208   .0213869     0.47   0.638    -.0328361    .0530778
                              |
                         year |
                        2004  |   .2697794    .101177     2.67   0.010     .0665595    .4729994
                        2005  |  -.0266636   .1311984    -0.20   0.840    -.2901833    .2368561
                        2006  |   1.534429   .2259802     6.79   0.000     1.080535    1.988324
                        2007  |   1.223691   .2504771     4.89   0.000     .7205932     1.72679
                        2008  |   .5222661   .1739112     3.00   0.004     .1729552    .8715769
                        2009  |   .2213608   .4662336     0.47   0.637    -.7150968    1.157818
                        2010  |   .4431925   .5275252     0.84   0.405     -.616373    1.502758
                              |
                        _cons |   3.964329   1.108485     3.58   0.001      1.73787    6.190787
-----------------------------------------------------------------------------------------------

. outreg2 using "extension_table5.tex", append tex bdec(3) sdec(3) keep(unemp_rate max_ben_demean c.unemp_rate#c.max_ben_demean) addt
> ext(State FE, Yes, Year FE, Yes, SE clustered by state, Yes) ctitle("Credit card 90+")
extension_table5.tex
dir : seeout

. 
. *******************************************************
. * Student loan 90+ delinquency
. *******************************************************
. import excel "$studentxls", firstrow clear
(23 vars, 53 obs)

. rename state st_abbr

. drop if inlist(st_abbr, "allUS", "PR")
(2 observations deleted)

. reshape long Q4_, i(st_abbr) j(year)
(j = 2003 2004 2005 2006 2007 2008 2009 2010 2011 2012 2013 2014 2015 2016 2017 2018 2019 2020 2021 2022 2023 2024)

Data                               Wide   ->   Long
-----------------------------------------------------------------------------
Number of observations               51   ->   1,122       
Number of variables                  23   ->   3           
j variable (22 values)                    ->   year
xij variables:
            Q4_2003 Q4_2004 ... Q4_2024   ->   Q4_
-----------------------------------------------------------------------------

. rename Q4_ stud90

. destring stud90, replace force
stud90 already numeric; no replace

. keep if inrange(year, 2003, 2010)
(714 observations deleted)

. 
. merge m:1 st_abbr using "state_crosswalk.dta", keep(3) nogen

    Result                      Number of obs
    -----------------------------------------
    Not matched                             0
    Matched                               408  
    -----------------------------------------

. merge 1:1 stcode year using "ui_state_year_0310.dta", keep(3) nogen
(variable year was int, now float to accommodate using data's values)
(variable stcode was byte, now long to accommodate using data's values)

    Result                      Number of obs
    -----------------------------------------
    Not matched                             0
    Matched                               408  
    -----------------------------------------

. 
. areg stud90 c.unemp_rate##c.max_ben_demean i.year, absorb(stcode) vce(cluster stcode)

Linear regression, absorbing indicators             Number of obs     =    408
Absorbed variable: stcode                           No. of categories =     51
                                                    F(10, 50)         =  16.05
                                                    Prob > F          = 0.0000
                                                    R-squared         = 0.8119
                                                    Adj R-squared     = 0.7794
                                                    Root MSE          = 1.0061

                                                 (Std. err. adjusted for 51 clusters in stcode)
-----------------------------------------------------------------------------------------------
                              |               Robust
                       stud90 | Coefficient  std. err.      t    P>|t|     [95% conf. interval]
------------------------------+----------------------------------------------------------------
                   unemp_rate |   .1708229   .1502558     1.14   0.261    -.1309748    .4726205
               max_ben_demean |  -.3175501   .2813367    -1.13   0.264    -.8826315    .2475313
                              |
c.unemp_rate#c.max_ben_demean |   .0178418   .0133621     1.34   0.188    -.0089968    .0446804
                              |
                         year |
                        2004  |    .309455   .1829545     1.69   0.097    -.0580198    .6769298
                        2005  |   .7401347   .2565815     2.88   0.006     .2247755    1.255494
                        2006  |   1.501372   .2996867     5.01   0.000     .8994335     2.10331
                        2007  |   1.852352   .3321468     5.58   0.000     1.185215    2.519488
                        2008  |   2.031188   .2638806     7.70   0.000     1.501168    2.561208
                        2009  |   2.091129   .5434258     3.85   0.000     .9996261    3.182632
                        2010  |   2.531997   .5814066     4.35   0.000     1.364208    3.699787
                              |
                        _cons |   4.947695   .8591498     5.76   0.000     3.222041    6.673348
-----------------------------------------------------------------------------------------------

. outreg2 using "extension_table5.tex", append tex bdec(3) sdec(3) keep(unemp_rate max_ben_demean c.unemp_rate#c.max_ben_demean) addt
> ext(State FE, Yes, Year FE, Yes, SE clustered by state, Yes) ctitle("Student loan 90+")
extension_table5.tex
dir : seeout

. 
. display "Done. Extension table written to extension_table5.tex"
Done. Extension table written to extension_table5.tex

. 
end of do-file

. log close
      name:  <unnamed>
       log:  C:\Users\Willi\Desktop\Replication Results.log
  log type:  text
 closed on:   6 Feb 2026, 18:59:19
-------------------------------------------------------------------------------------------------------------------------------------
